0000000000.bit
000000000.bit
00111.bit
010101.bit
02chan.bit
0464.bit
0769.bit
0793.bit
0activity.bit
0address.bit
0anonym.bit
0anonymity.bit
0.anonymouscoward.bit
0answer.bit
0app.bit
0apps.bit
0auth.bit
0backup.bit
0badge.bit
0banking.bit
0.basxto.bit
0bible.bit
0bin.bit
0birds.bit
0.bit
0bits.bit
0blog.bit
0blogger.bit
0bloglist.bit
0blogs.bit
0board.bit
0book.bit
0btc.bit
0byte.bit
0bytes.bit
0card.bit
0cdguide.bit
0central.bit
0chan.bit
0channel.bit
0chanporn.bit
0chatroom.bit
0chatrooms.bit
0chats.bit
0chn.bit
0cjdns.bit
0cms.bit
0cnguide.bit
0coding.bit
0coin.bit
0coins.bit
0community.bit
0config.bit
0connect.bit
0core.bit
0demoscene.bit
0dev.bit
0devs.bit
0discussion.bit
0domain.bit
0domains.bit
0edit.bit
0email.bit
0emails.bit
0encrypt.bit
0encryption.bit
0estilibera.bit
0explorer.bit
0find.bit
0gallery.bit
0games.bit
0gateway.bit
0gateways.bit
0git.0git.bit
0git.bit
0google.bit
0gram.bit
0group.bit
0groups.bit
0help.bit
0howto.bit
0http.bit
0hub.bit
0i2p.bit
0id.bit
0idea.bit
0ideas.bit
0im.bit
0in.bit
0inbox.bit
0info.bit
0install.bit
0instant.bit
0io.bit
0ip.bit
0ips.bit
0ipv4.bit
0ipv6.bit
0irc.bit
0jza.bit
0keep.bit
0Keep.bit
0list.bit
0List.bit
0list.bit0play.bit
0listen.bit
0lists.bit
0login.bit
0love.bit
0magazine.bit
0magnet.bit
0magnets.bit
0mail.bit
0mails.bit
0me.bit
0media.bit
0medium.bit
0mesh.bit
0message.bit
0messenger.bit
0money.bit
0movie.bit
0movies.bit
0msg.bit
0my.bit
0name.bit
0namecoin.bit
0net123.bit
0net.bit
0nion.bit
0nmc.bit
0now.bit
0p2p.bit
0pad.bit
0pan.bit
0pang.bit
0pass.bit
0pastebin.bit
0pix.bit
0planet.bit
0play.bit
0plugin.bit
0plugins.bit
0poker.bit
0politics.bit
0press.bit
0privacy.bit
0private.bit
0profil.bit
0profile.bit
0project.bit
0proxies.bit
0proxy.bit
0publish.bit
0rc.bit
0reddit.bit
0reply.bit
0search.bit
0secure.bit
0security.bit
0server.bit
0service.bit
0sex.bit
0share.bit
0site.bit
0slack.bit
0soft.bit
0space.bit
0statistics.bit
0stats.bit
0status.bit
0std.bit
0steam.bit
0storage.bit
0sum.bit
0support.bit
0talk.bit
0tank.bit
0task.bit
0tech.bit
0testlist.bit
0thegame.bit
0thisgamehasnoname.bit
0tier.bit
0torrent.bit
0tutorial.bit
0verse.bit
0version.bit
0versions.bit
0vpn.bit
0wan.bit
0wang.bit
0watch.bit
0web.bit
0whisper.bit
0wiki.bit
0wikis.bit
0x77.bit
0yy.bit
0zhguide.bit
10011001.bit
127GFWtalk.bit
127NewGFWTalk.bit
13g.bit
15k.bit
1f3e7.bit
1F3E7.bit
1f4b1.bit
1F4B1.bit
1free0blog.bit
1free0Blog.bit
1.lsj.bit
20minuten.bit
234net.bit
2ciyuan.bit
2cy.bit
2ftracker.bit
2Ftracker.bit
2.lsj.bit
2paly.bit
2play.bit
300-60.bit
3313hiphop.bit
3xp.bit
420chan.bit
43110.bit
43110news.bit
45king.bit
4evernever.bit
4gbit.bit
51asm.bit
51ii.bit
51talk.bit
5201314.bit
5225.bit
5sos.bit
6742.bit
6yan.bit
79.bit
7ge.bit
7u8d.bit
84.bit
88888.bit
8A.bit
8l0cc09.bit
998.bit
9A.bit
9Ayourname.bit
A8guixiang.bit
abatchfood.bit
abcdsxg.bit
abchxw.bit
abcy.bit
a.bit
abracadabra.bit
acbc.bit
ACBC.bit
acehigh.bit
acelewis.bit
acg.bit
adolfhitlerforpresident.bit
adzero.bit
afterglowblog.bit
ahaha.bit
ai8.bit
aiqi.bit
airbnb.bit
ajasonwang.bit
ajsantos.bit
akko.bit
alexandrocolorado.bit
aliao.bit
alibabi.bit
alibaby.bit
aliwang.bit
aliwanng.bit
aliyeye.bit
allsources.bit
alphame.bit
amamiyayako.bit
amorgan.bit
analyst.bit
Anarchist.bit
anarchyball.bit
anbu.bit
angristan.bit
animeblog.salvotnt.bit
anime.kickassfeeds.bit
ann.spacewhale.bit
anonews.bit
anonym0.bit
anonymity0.bit
anonymityzero.bit
anonymouscoward.bit
anonymous-git-hosting.bit
anonymzero.bit
answer0.bit
answerzero.bit
antigfw.bit
antilibrary.bit
Antilibrary.bit
antnet.bit
antyhrabia.bit
anwang.bit
apacheopenoffice.bit
apkg.bit
APlay.bit
apoptosis.bit
aprad.bit
apt-get.bit
aptget.bit
arduino.bit
Arduino.bit
arjeiph.bit
arnorgh.bit
ART.bit
arttek.bit
asd.bit
ashton.5sos.bit
asia.bit
asis-ctf.bit
asml.bit
asturies.bit
asus.bit
atnni.bit
atola.bit
attorneys.bit
Attorneys.bit
ATzeroid.bit
audi.bit
aurore2.bit
automatetheboringstuff.bit
avg.bit
aycaramba.bit
aying.bit
b0t.bit
b20.bit
babygo.bit
baconcheeseburger.bit
badcredit.bit
BadCredit.bit
.badprogramming.bit
badprogramming.bit
badrobot.bit
baidt.bit
baidu.bit
baker-gamer.bit
bannedfiles.bit
barreto.bit
basxto.bit
batardos.bit
batardtest.bit
bayesian.bit
bazaarbay.bit
bber.bit
bbs.baidt.bit
bbs.hechaocheng.bit
bbs.wangdou.bit
bcnews.bit
b.cntt.bit
bcsx.bit
beatface.bit
beber007.bit
belfius.bit
better.call.saul.s02e02.cobbler.1080p.nf.webrip.avg.bit
bettermail.bit
beyondtheknown.bit
beyondthelnow.bit
bianle.bit
biblionik.bit
bingyang.bit
bip32gen.bit
..bit
bitaddr.bit
BitAddr.bit
bitamin.bit
bitcoinassociationswitzerland.bit
bitcoinbrasil.bit
bitcoinbr.bit
bitcoin-bz.bit
Bitcoin-bz.bit
bitcoincontract.bit
bitcoinforks.bit
bitcoinproof.bit
bitcoinqrcode.bit
bitcoinupgraded.bit
bitinfodroid.bit
bitmoe.bit
bitnacio.bit
bitnacion.bit
bitpopulus.bit
bitsyhk.bit
blabla.bit
blackgoldfish.bit
blackhatmarketing.bit
blackmarketing.bit
blacksail.bit
blackshroud.bit
blahblah2.bit
bleek.bit
bloccoq.bit
blockchainbergen.bit
blockchainbrasil.bit
blockchainedmedia.bit
blockchainm3dia.bit
blocklet.bit
blog.0list.bit
blog.0search.bit
blog.amorgan.bit
blog.badprogramming.bit
blog.beber007.bit
blog.bit
blog.bitcoinproof.bit
blog.bter.bit
blog.cgm616.bit
blog.chomping-at-the.bit
blog.cntt.bit
blog.cnTt.bit
blog.compumatrix.bit
blog.coolplay.bit
blogear.bit
blog.espectalll.bit
blog.fun.bit
blog.gomzik.bit
blog.hengfeng.bit
blog.hivechat.bit
blog.ibinary.bit
blog.jarfil.bit
blog.kaffie.bit
blog.kaffiene.bit
blog.kenookamihoro.bit
blog.komodo.bit
blog.kumek.bit
bloglist.bit
blog.m1nistry.bit
blog.make.bit
blog.maomihz.bit
Blog.MaomiHz.bit
blog.mengxiang.bit
blog.miao.bit
blog.mkg20001.bit
blog.mkru.bit
blog.muon-messenger.bit
blog.musickiller.bit
blog.musickillerrus.bit
blog.nerde.bit
blog.nondex.bit
blog.noos.bit
blog.nullpipe.bit
blog.payby.bit
blog.popcorntimece.bit
blog.quasi.bit
blog.ruzero.bit
blog.rvre.bit
blog.shadowsocks.bit
blog.shilei.bit
blog.slavasveta.bit
blog.sniffleblog.bit
blog.sorasumi.bit
blog.spacewhale.bit
blog.SpaceWhale.bit
blog.sparklemotion.bit
blog.trimode.bit
blog.umbrellablog.bit
blog.unityofmulti.bit
blog.uploadthedownload.bit
blog.usvformat.bit
blog.vulonkaaz.bit
blog.xn--s-fka57flcd2d.bit
blog.ysc3839.bit
Blog.ysc3839.bit
Blogyueyuejiang.bit
blog.zack.bit
blog.zalex.bit
blog.zeromux.bit
blog.zero-net.bit
blog.zeronetwork.bit
Blog.ZeroNetwork.bit
blog.zerosearch.bit
----------------------------bloob.bit
--bloob.bit
bloob.bit
blowthewhistle.bit
blueants.bit
bluishcoder.bit
board.zeronetwork.bit
board.zeroNetwork.bit
Board.ZeroNetwork.bit
bodhi.bit
boms.bit
books.kickassfeeds.bit
brainwallets.bit
Brainwallets.bit
brats.bit
breakwa11.bit
brexit.bit
brom.bit
brownie.bit
Brownie.bit
btcfork.bit
btcforks.bit
bter.bit
b.tossp.bit
btsynchina.bit
BTSynChina.bit
btsynckeys.bit
buckfillary.bit
budweiser.bit
Budweiser.bit
bulbapedia.serebii.bit
bupoo.bit
bwoi.bit
Bwoi.bit
c0nnax.bit
c0nnect.bit
caihong.bit
caijh.bit
cajuncarnivore.bit
calum.5sos.bit
cancun.flisol.bit
cannabisindica.bit
cannabissativa.bit
cannonf.bit
carlosalves.bit
catastrophestudios.bit
catchan.bit
CatChan.bit
cathaysianism.bit
c.bit
celsius.bit
cemse.bit
cemyte.bit
censoredsearch.bit
CensoredSearch.bit
cents.bit
Cents.bit
cfido.bit
charmcitydark.bit
chat0net.bit
chat.5sos.bit
chat.amorgan.bit
chat.cryptonia.bit
chat.emnet.bit
chat.hechaocheng.bit
chat.mydf.bit
chatroom0.bit
chatroomzero.bit
chattr.bit
chat.zeroverse.bit
chawei.bit
chelie.bit
chenshaoju.bit
cherjournal.bloccoq.bit
cherrylane.bit
chezsick.bit
chferfa.bit
chikit.bit
china.bit
chinatalk.bit
chinesetalk.bit
chnp2p.bit
CHNP2P.bit
chntalk.bit
chocodum.bit
chomping-at-the.bit
christianferrerfas.bit
christopher-were.bit
christopherwere.bit
chris-were.bit
chriswere.bit
chunai.bit
chunting.bit
chzj.bit
ciblog.bit
cilblog.bit
cingcyun.bit
ciren.bit
clock.screens.bit
cloud.amorgan.bit
cnfeat.bit
cngov.bit
cnmaple.bit
cntalk.bit
cntt.bit
cnTt.bit
cocaine.bit
Cocaine.bit
codecypher.bit
codegass.bit
codegress.bit
code.m1nistry.bit
codem.bit
codervideo.bit
codetism.iamz.bit
cognacer.bit
coinbin.bit
coinforks.bit
com.bit
come-and-take-it.bit
comik.bit
Comik.bit
comiks.bit
compumatrix.bit
computergeek.bit
computernerd.bit
config.bit
congmin.bit
cookiebook.bit
coolapk.bit
coolplay.bit
corybrown.bit
crason.bit
crestron.bit
crimsonhexagon.bit
crimsonhex.bit
cruzium.bit
crypdick.bit
cryptoid.bit
cryptonbits.bit
cryptonewsday.bit
cryptosail.bit
cryptoverse.bit
cubicmetercrystal.bit
curioussavage.bit
curlybear.bit
cvbb.bit
c-were.bit
cwere.bit
cxg2014.bit
CXG2014.bit
cyun.bit
d8b.bit
dadalang.bit
daihan.bit
dalec.bit
dandan.bit
danknet.bit
danlan.bit
dao.huyu.bit
dapf.bit
darkblog.bit
Darkblog.bit
DarkbloG.bit
DARKBLOG.bit
dark-deeds.bit
darkmoon.bit
darksoul.bit
darkstratus.bit
darkxsky.bit
david500834.bit
david500835.bit
david500836.bit
dawatehaq.bit
dbalencar.bit
d.bit
dcrs.bit
dddu.bit
ddomob.bit
ddox.bit
deaddenise.bit
deb.bit
decentralizedwebsummit.bit
decentr.bit
decredbrasil.bit
dedao.bit
dedos.bit
dedox.bit
dedsec.bit
DedSec.bit
deenbaby.bit
deepestdarkestweb.bit
DEL.bit
deltageek.bit
DeltaGeek.bit
dennydai.bit
de.privacytools.bit
dese.bit
dev.0chan.bit
dev.0rc.bit
dev.david500834.bit
dev.gfwtalk.bit
dev.newgfwtalk.bit
dev.NewGFWTalk.bit
dev.pirats.bit
dev-void.bit
dev.whowhatwere.bit
dfreisoft.bit
dhanatatva.bit
dictionary.bit
digeconomy.bit
digiverse.bit
dilmacoin.bit
dimlau.bit
dingdong.bit
dingtalk.bit
dipbeak.bit
discuss.bodhi.bit
discuss.greenjesus.bit
discussionboard.bit
dividedby0.bit
DividedBy0.bit
dividedbyzero.bit
DividedByZero.bit
djc8.bit
dldx.bit
dnameid.bit
dns.bit
dns.fuckgfw.bit
dns.up4.bit
docs.fuckgfw.bit
docs.ysc3839.bit
doddocodingandco.bit
dog123.bit
Dog123.bit
dogscanfly.bit
dogturd.bit
domain.bit
domains4free.bit
domcomp.bit
donaldmanson.bit
donaldtramp.bit
donate.bit
dongbula.bit
dongdong.bit
doobom.bit
dot-bit.bit
dotbitto.bit
dotmy.bit
douban.bit
download.ap.bit
dragdad.bit
dream.bit
dreamcreator108.bit
dropsite.bit
dropsitefoodnetwork.bit
dropsites.bit
dropzone-market.bit
duckduckgo-onion.bit
dude0.bit
duduru.bit
dumptrump.bit
duosuccess.bit
Duosuccess.bit
dvach.bit
e2ge.bit
ec3.bit
eddyle.bit
ehudu.bit
elon-musk.bit
emerco.bit
emnet.bit
emojiday.bit
emulator.bit
en.bit
encryptionzn.bit
encryptzn.bit
enlighten.bit
enoch-of-nod.bit
enss.bit
epipen.bit
Epipen.bit
equestria.bit
erfan.bit
eris.bit
ernest.bit
eroz.bit
errnouser.bit
es.0rc.bit
escience.bit
espectalll.bit
es.privacytools.bit
estilibera.bit
eternal1234567890.bit
eventi.bit
every0.bit
everyzero.bit
ewellyuan.bit
example.bit
Example.bit
example.domain.bit
excited.p2ptalk.bit
exhentai.bit
Exhi.bit
explorer.bit
f7hy.bit
factoreal.bit
fakenews.bit
fallenkingkong.bit
fanjian.bit
fargo0net.bit
fasc.bit
fcubed.bit
fecesbook.bit
federalistpapers.bit
feed.bit
feed.yayponies.bit
feiportal.bit
felipebueno.bit
fengmao.bit
fenxiang.bit
fiepi.bit
fight4freedom.bit
financewhisperer.bit
findstuff.bit
firstorder.bit
fixexample.bit
flickerpiss.bit
flickerpiss.ZeroNetwork.bit
flisol.bit
flucas.bit
flush.bit
flydust.bit
flyingfishzhang.bit
followyourleader.bit
foo.bit
fooduzui.bit
forum.bit
forum.curlybear.bit
forum.dapf.bit
forum.ppch.bit
forum.snifferdog.bit
forum.usvformat.bit
fotoplace.bit
fr.0rc.bit
frabrunelle.bit
frameworkjs.bit
free0Blog.bit
free3.bit
free8blog.bit
freebitdomains.bit
freedomains.bit
freedom.bit
freehot.bit
freelight.bit
freemancash.bit
freenet.fuckgfw.bit
freepe.bit
freeroom.bit
freespece.bit
frerepoulet.bit
fruitivore.bit
fslmd.bit
fsociety.bit
fuckboi.bit
fuckboy.bit
fuckfreenom.bit
fuckgfw.bit
fuck-icann.bit
fuck.technoob.bit
fulishe.bit
fun.bit
future7.bit
futureshock.bit
futuretalk.bit
fxliuwenjie.bit
g1itch.bit
gaga.bit
galleries.sorasumi.bit
gambetto.bit
gamblers.bit
Gamblers.bit
gametalk.bit
gaoduzhu.bit
gargamel.bit
garyao.bit
gaskopp.bit
gauched.badprogramming.bit
gays.bit
geekway.bit
geensnor.bit
gesteban.bit
gezhongfuli.bit
gfwblog.bit
gfwparty.bit
gfwsite.bit
.gfwtalk.bit
gfwtalk.bit
gfwTalk.bit
GFWtalk.bit
GFWTalk.bit
ghostmail.bit
ghostnet.bit
ghosttalk.bit
ghosttan.bit
gianthard.bit
git0.bit
git.amorgan.bit
gitcratic.bit
gitmirror.bit
git.mkg20001.bit
git.yayponies.bit
gitzero.bit
gizmohex.bit
gledos.bit
gluek.bit
Gluek.bit
golang.bit
gollygeetobor.bit
google.bit
googlecn.bit
goooogle.bit
goschech.bit
gouguan.bit
greatfinger.bit
greatfire.bit
gree.bit
greenjesus.bit
GreenJesus.bit
gtwtalk.bit
guide.fuckgfw.bit
guide.musickiller.bit
guides.mkru.bit
guides.musickiller.bit
guides.musickillerrus.bit
guixiang.bit
guoke.bit
guowengui.bit
guyue.bit
h0me.bit
h1tler.bit
h3c.bit
h8s.bit
Habla.ZeroTalk.bit
hacg.bit
hackertalk.bit
halemo.bit
halevi.bit
halulu.bit
handlecoin.bit
hannah-uk.bit
hao1234.bit
hao123.hechaocheng.bit
haorendo.bit
haosou.bit
happyhappy.bit
harrygg.bit
hashcrypt.bit
hatsunemiku.bit
hayley.bit
headpole.bit
heartart.bit
hechaocheng.bit
hello.bit
Hello.World.bit
hellozeronet.bit
hengfeng.bit
hetn.bit
hexahexademo.bit
hexalizer.bit
hexkey.bit
hexmon.bit
hexnet.bit
hexo.bit
hexp.bit
hexxy.bit
hike.bit
hiso.bit
hitler2016.bit
hitlerblewhisfuckingbrainsoutlolwhataloser.bit
hitlerforpresident.bit
hitlr.bit
hivechat.bit
holacracy.bit
holons.bit
Holons.bit
holonswiki.bit
holybible.bit
home.amorgan.bit
honda.bit
Honda.bit
hongle.bit
http2.bit
hubject.bit
hub.kaffie.bit
hub.tetsai.bit
hudu.bit
huebner.bit
human-genome.bit
hunterchain.bit
huoju.bit
hurst-famille.bit
huto-musikinstrumente.bit
huyu.bit
hyborian-age.bit
hycdgx.bit
hyly.bit
hyundai.bit
Hyundai.bit
iaco.bit
iamok.bit
iamyou.bit
iamz.bit
ibinary.bit
ibnussabeel.bit
ibox.bit
icba.bit
id0.bit
id.bit
id.cgm616.bit
idea.bit
idealcoder.bit
id.emnet.bit
id.hechaocheng.bit
id.kaffie.bit
id.ks-own-domain.bit
idzero.bit
ifbit.bit
ifox.bit
ifs.bit
igpt.bit
iichan.bit
ijrw.bit
ilook.bit
imgbi.bit
imit.bit
imnotgeek.bit
imoe.bit
impromptu.bit
Impromptu.bit
impshum.bit
incakoin-decamillion.bit
incakoin-induction.bit
IncaKoin-Induction.bit
incakoin-info.bit
IncaKoin-info.bit
incakoin-nka.bit
incakoin-paperwallets.bit
incakoin-rates.bit
incakoin.rates.bit
IncaKoin-Rates.bit
inchow.bit
incivist.bit
infinisil.bit
INFINITY.bit
info.amorgan.bit
info.zeroverse.bit
inlolo.bit
internetboat.bit
internet-of-things.bit
inxian.bit
iooj.bit
ipsumai.bit
ipwn.bit
irc0.bit
irc.p2ptalk.bit
irczero.bit
iso.miao.bit
iso.shilei.bit
italk.bit
itisbenjamin.bit
itskas.bit
izero.bit
iZero.bit
izeronet.bit
jabowoo.bit
jacopocarletti.bit
jakew.bit
jarfil.bit
jargonel.bit
jarod.bit
jayli.bit
jcat2016.bit
jerrybai.bit
jessicanigri.bit
jesuszeusallah.bit
jetwang.bit
jhmily.bit
jiajiangang.bit
jiang.bit
jian.huyu.bit
jike.bit
jingmin.bit
jipiao.bit
jnfptp.up4.bit
joeyli.bit
johnhamelink.bit
jp6.bit
js2coffee.bit
jsilence.bit
json.bit
jstv.bit
jtree.bit
juanpablocorrea.bit
junhe.bit
junyu14.bit
jysperm.bit
jzarecta.bit
jza.tomando.bit
kaff.bit
kaffeine.bit
Kaffeine.bit
kaffie.bit
Kaffie.bit
kaffiene.bit
Kaffiene.bit
kaffienne.bit
kaffine.bit
kahlil.bit
kahpa.bit
kakise.bit
kanjidamage.bit
kapot33.bit
kappasigma.bit
karsten.bit
kateeowen.bit
KateeOwen.bit
kaufmich.bit
kaym.bit
keelynet.bit
Keelynet.bit
keenm.bit
kenookamihoro.bit
key.anonymouscoward.bit
key.btsynchina.bit
keys.bit
keyserver.bit
khyzmail.bit
kiai.bit
kidsearch.bit
kigurumi.bit
killwithme.bit
kindle114.bit
kindle.miao.bit
kindle.shilei.bit
kindlyfire.bit
kiririn.bit
kiseki.bit
klaes.bit
kmart.bit
KMart.bit
knightw.bit
knowinfinity.bit
kogebogen.bit
komer.bit
komodo.bit
komodoplatform.bit
kopykate.bit
Kopykate.bit
KopyKate.bit
koyuawsmbrtn.bit
ksmx.bit
ktchan.bit
ktty.bit
kuchmak.bit
kumek.bit
laboratorio.bit
labs.bit
ladymadame.bit
langm.bit
lasvegas.bit
LasVegas.bit
lattice.bit
lawsuit.bit
Lawsuit.bit
leafok.bit
ledifice.up4.bit
leeo.bit
lemnos.bit
lend.bit
Lend.bit
leonsco.bit
lesdelicesdupays.bit
liaocheng.bit
libainan.bit
libaltnet.bit
libdat.bit
liberator3d.bit
libertarianizm.bit
libfreenet.bit
libi2p.bit
libnamecoin.bit
libreriaeuropa.bit
libtor.bit
libzeronet.bit
lichuan.bit
licicunzhao.bit
lidamaodashuaibi.bit
life.curlybear.bit
life.unltd.bit
lighthouse.bit
lijc.bit
lineage2.bit
lingtu.bit
linkychen.bit
list.DEL.bit
list.z3r0.bit
live4.bit
live.hengfeng.bit
lone1y.bit
louisliu.bit
love.bit
lovefchan.bit
lovelive.bit
lsj.bit
lufs.bit
luke.5sos.bit
lvye.bit
lyc.bit
lyc-lang.bit
lyokojeremie.bit
m0r0n.bit
m1nistry.bit
machin.bit
macuiltochtli.bit
mafeng.bit
magnet0.bit
magnets0.bit
magnetszero.bit
magnetzero.bit
mail0.bit
mail.basxto.bit
mail.compumatrix.bit
mail.hechaocheng.bit
mail.miao.bit
mails0.bit
mail.shilei.bit
mailszero.bit
mailzero.bit
mail.zeronetwork.bit
Mail.ZeroNetwork.bit
mail.zeroverse.bit
mail.ZeroVerse.bit
Mail.ZeroVerse.bit
MAIL.zeroverse.bit
mailzv.bit
main.0rc.bit
make.bit
makedie.bit
Makedie.bit
MakeDie.bit
mancao.bit
manwe.sands.bit
maomihz.bit
MaomiHz.bit
marijuana.bit
marlon.bit
marshmallow.izero.bit
maxikinghatti.bit
mcblue.bit
mcjiffy.bit
mcretro.bit
mc.tetsai.bit
medallion2.bit
mediablog.bit
meditationchallenge.bit
meirenz.bit
me.kaffie.bit
me.mengxiang.bit
me.mkg20001.bit
Me.Mkg20001.bit
mengxiang.bit
me.p2ptalk.bit
me.plasmmer.bit
mesh0.bit
meshzero.bit
metoo.bit
me.zeronetwork.bit
Me.ZeroNetwork.bit
miao.bit
michael.5sos.bit
mickeymouse2016.bit
microsoft.office.professional.plus.2013.32.64.bit
microsoft.office.professional.plus.2013.64.bit
mingyue.bit
mirror.amorgan.bit
misesinstitutet.bit
mishochu.bit
mit.edu.bit
mixatex.bit
miyou.bit
m-jo.bit
mjon.bit
m-jones.bit
mkg20001.bit
mkru.bit
ml20001.bit
mmostudio.bit
mnnstory.bit
mocha.badprogramming.bit
moenet.bit
moetalk.bit
mofang.bit
moioi.bit
moneynetwork.bit
mongmen.bit
MongMen.bit
mongoloid.bit
mongos.bit
moonair.bit
moonlg.bit
mophome.bit
mopperwhite.bit
MoreFilm.ZeroNet.bit
morgan-j.bit
morganj.bit
morgan-jones.bit
morganjones.bit
mosen.bit
motherfuckingwebsite.bit
MOVIE.bit
movie.btsynchina.bit
movie.p2ptalk.bit
movies.kickassfeeds.bit
moxzone.bit
mrneilypops.bit
mrrobot.bit
mrzigler.bit
muerdon.bit
muhammad.bit
Muhammad.bit
muon-messenger.bit
.musickiller.bit
musickiller.bit
musickillerrus.bit
mutantfest.bit
mux.onecoder.bit
mvgroup.bit
mxs930907.bit
myauth.bit
myblog.bit
mydba.bit
mydf.bit
mydf.gfwtalk.bit
mylifewaiting.bit
mylock.bit
mynewwebsitename.bit
MyProfile.bit
mypublicip.bit
MyZeromail.bit
myZeroTorrent.bit
myZeroVid.bit
n0000000000.bit
n000000000.bit
n00111.bit
n0769.bit
n0793.bit
n0activity.bit
n0address.bit
n0anonym.bit
n0anonymity.bit
n0.anonymouscoward.bit
n0answer.bit
n0app.bit
n0apps.bit
n0auth.bit
n0backup.bit
n0badge.bit
n0banking.bit
n0.basxto.bit
n0bin.bit
n0birds.bit
n0bits.bit
n0blog.bit
n0blogger.bit
n0bloglist.bit
n0blogs.bit
n0board.bit
n0btc.bit
n0byte.bit
n0bytes.bit
n0card.bit
n0central.bit
n0chan.bit
n0channel.bit
n0chanporn.bit
n0chatroom.bit
n0chatrooms.bit
n0chats.bit
n0cjdns.bit
n0cms.bit
n0coin.bit
n0coins.bit
n0community.bit
n0config.bit
n0connect.bit
n0core.bit
n0dev.bit
n0devs.bit
n0discussion.bit
n0domain.bit
n0domains.bit
n0edit.bit
n0email.bit
n0emails.bit
n0encrypt.bit
n0encryption.bit
n0estilibera.bit
n0explorer.bit
n0find.bit
n0games.bit
n0gateway.bit
n0gateways.bit
n0git.0git.bit
n0git.bit
n0google.bit
n0gram.bit
n0group.bit
n0groups.bit
n0help.bit
n0howto.bit
n0http.bit
n0i2p.bit
n0id.bit
n0idea.bit
n0ideas.bit
n0im.bit
n0in.bit
n0inbox.bit
n0info.bit
n0install.bit
n0instant.bit
n0io.bit
n0ip.bit
n0ips.bit
n0ipv4.bit
n0ipv6.bit
n0irc.bit
n0jza.bit
n0keep.bit
n0list.bit
n0listen.bit
n0lists.bit
n0login.bit
n0love.bit
n0magazine.bit
n0magnet.bit
n0magnets.bit
n0mail.bit
n0mails.bit
n0me.bit
n0media.bit
n0medium.bit
n0mesh.bit
n0message.bit
n0messenger.bit
n0money.bit
n0movie.bit
n0movies.bit
n0msg.bit
n0my.bit
n0name.bit
n0namecoin.bit
n0net123.bit
n0net.bit
n0nmc.bit
n0now.bit
n0p2p.bit
n0pad.bit
n0pang.bit
n0pass.bit
n0pastebin.bit
n0pix.bit
n0planet.bit
n0play.bit
n0plugin.bit
n0plugins.bit
n0poker.bit
n0politics.bit
n0press.bit
n0privacy.bit
n0private.bit
n0profil.bit
n0profile.bit
n0project.bit
n0proxies.bit
n0proxy.bit
n0publish.bit
n0reddit.bit
n0reply.bit
n0search.bit
n0secure.bit
n0security.bit
n0server.bit
n0service.bit
n0sex.bit
n0share.bit
n0site.bit
n0slack.bit
n0space.bit
n0statistics.bit
n0stats.bit
n0status.bit
n0steam.bit
n0storage.bit
n0sum.bit
n0support.bit
n0talk.bit
n0task.bit
n0tech.bit
n0thegame.bit
n0thisgamehasnoname.bit
n0tier.bit
n0torrent.bit
n0tutorial.bit
n0verse.bit
n0version.bit
n0versions.bit
n0vpn.bit
n0wan.bit
n0wang.bit
n0watch.bit
n0web.bit
n0whisper.bit
n0wiki.bit
n0wikis.bit
n0x77.bit
n15k.bit
n1f3e7.bit
n1F3E7.bit
n1f4b1.bit
n1F4B1.bit
n1free0Blog.bit
n20minuten.bit
n234net.bit
n2play.bit
n300-60.bit
n3xp.bit
n45king.bit
n4evernever.bit
n51asm.bit
n51ii.bit
n51talk.bit
n5201314.bit
n5sos.bit
n6742.bit
n6yan.bit
n8l0cc09.bit
nabcy.bit
nacbc.bit
nacehigh.bit
nacelewis.bit
nacg.bit
nadolfhitlerforpresident.bit
nahaha.bit
nai8.bit
naiqi.bit
najasonwang.bit
najsantos.bit
nalexandrocolorado.bit
naliao.bit
nalibabi.bit
nalibaby.bit
naliwang.bit
naliwanng.bit
nallsources.bit
name.bit
namecoin0.bit
namecoin.bit
namecoinzero.bit
name.izero.bit
name.iZero.bit
nanarchyball.bit
nanasi.bit
nanbu.bit
nangristan.bit
nanimeblog.salvotnt.bit
nanime.kickassfeeds.bit
nanonym0.bit
nanonymity0.bit
nanonymityzero.bit
nanonymouscoward.bit
nanonymzero.bit
nanopyramid.bit
nanswer0.bit
nanswerzero.bit
nantigfw.bit
nantilibrary.bit
nantnet.bit
nanwang.bit
napacheopenoffice.bit
napolin.bit
napt-get.bit
naptget.bit
narjeiph.bit
narnorgh.bit
narttek.bit
nashton.5sos.bit
nasia.bit
nasis-ctf.bit
nasturies.bit
nasus.bit
nasyxx.bit
nathanknox.bit
natnni.bit
natola.bit
nattorneys.bit
naudi.bit
naurore2.bit
nautomatetheboringstuff.bit
naycaramba.bit
naying.bit
nb0t.bit
nb20.bit
nbabygo.bit
nbadcredit.bit
nbaidt.bit
nbannedfiles.bit
nbasxto.bit
nbatardos.bit
nbatardtest.bit
nbazaarbay.bit
nbber.bit
nbbs.baidt.bit
nbcnews.bit
nbcsx.bit
nbeatface.bit
nbeber007.bit
nbelfius.bit
nbeyondtheknown.bit
nbianle.bit
nbiblionik.bit
nbip32gen.bit
n.bit
nbitaddr.bit
nbitamin.bit
nbitcoinassociationswitzerland.bit
nbitcoin-bz.bit
nbitcoinforks.bit
nbitcoinproof.bit
nbitcoinqrcode.bit
nbitcoinupgraded.bit
nbitinfodroid.bit
nbitmoe.bit
nbitnacio.bit
nbitnacion.bit
nbitpopulus.bit
nbitsyhk.bit
nblackgoldfish.bit
nblacksail.bit
nblackshroud.bit
nbleek.bit
nbloccoq.bit
nblockchainbergen.bit
nblog.0list.bit
nblog.0search.bit
nblog.beber007.bit
nblog.bitcoinproof.bit
nblog.cgm616.bit
nblog.compumatrix.bit
nblog.coolplay.bit
nblogear.bit
nblog.espectalll.bit
nblog.gomzik.bit
nblog.ibinary.bit
nblog.jarfil.bit
nblog.kaffie.bit
nblog.kaffiene.bit
nblog.kumek.bit
nbloglist.bit
nblog.m1nistry.bit
nblog.maomihz.bit
nblog.mkg20001.bit
nblog.muon-messenger.bit
nblog.musickiller.bit
nblog.nondex.bit
nblog.noos.bit
nblog.nullpipe.bit
nblog.payby.bit
nblog.popcorntimece.bit
nblog.quasi.bit
nblog.ruzero.bit
nblog.shadowsocks.bit
nblog.slavasveta.bit
nblog.sniffleblog.bit
nblog.sparklemotion.bit
nblog.trimode.bit
nblog.unityofmulti.bit
nblog.uploadthedownload.bit
nblog.vulonkaaz.bit
nblog.xn--s-fka57flcd2d.bit
nblog.ysc3839.bit
nblog.zack.bit
nblog.zalex.bit
nBlog.ZAlex.bit
nblog.zeromux.bit
nblog.zero-net.bit
nblog.zeronetwork.bit
nblog.zerosearch.bit
nbloob.bit
nbluishcoder.bit
nbnb.bit
nboard.zeronetwork.bit
nboms.bit
nbooks.kickassfeeds.bit
nbrainwallets.bit
nbrats.bit
nbreakwa11.bit
nbrexit.bit
nbrom.bit
nbrownie.bit
nbtcfork.bit
nbtcforks.bit
nbtsynchina.bit
nbtsynckeys.bit
nbuckfillary.bit
nbudweiser.bit
nbupoo.bit
nbwoi.bit
nc0nnax.bit
nc0nnect.bit
ncaihong.bit
ncaijh.bit
ncalum.5sos.bit
ncancun.flisol.bit
ncannonf.bit
ncarlosalves.bit
ncatastrophestudios.bit
ncatchan.bit
ncelsius.bit
ncemse.bit
ncensoredsearch.bit
ncents.bit
ncfido.bit
nchat0net.bit
nchat.5sos.bit
nchat.cryptonia.bit
nchat.emnet.bit
nchat.mydf.bit
nchatroom0.bit
nchatroomzero.bit
nchattr.bit
nchat.zeroverse.bit
nchelie.bit
nchenshaoju.bit
ncherjournal.bloccoq.bit
ncherrylane.bit
nchikit.bit
nchinatalk.bit
nchinesetalk.bit
nchnp2p.bit
nchntalk.bit
nchocodum.bit
nchristopher-were.bit
nchristopherwere.bit
nchris-were.bit
nchriswere.bit
nchunai.bit
nchzj.bit
nciblog.bit
ncingcyun.bit
ncngov.bit
ncnmaple.bit
ncntalk.bit
ncocaine.bit
ncodecypher.bit
ncodegass.bit
ncode.m1nistry.bit
ncodem.bit
ncodervideo.bit
ncodetism.iamz.bit
ncognacer.bit
ncoinbin.bit
ncoinforks.bit
ncome-and-take-it.bit
ncomik.bit
ncomiks.bit
ncookiebook.bit
ncoolplay.bit
ncorybrown.bit
ncrason.bit
ncrestron.bit
ncrimsonhexagon.bit
ncrimsonhex.bit
ncruzium.bit
ncryptonbits.bit
ncryptonewsday.bit
ncryptosail.bit
ncryptoverse.bit
ncurioussavage.bit
ncurlybear.bit
ncvbb.bit
nc-were.bit
ncwere.bit
ncxg2014.bit
ncyun.bit
nd8b.bit
ndadalang.bit
ndaihan.bit
ndalec.bit
ndandan.bit
ndanknet.bit
ndanlan.bit
ndapf.bit
ndarkblog.bit
ndark-deeds.bit
ndarksoul.bit
ndarkstratus.bit
ndarkxsky.bit
ndawatehaq.bit
ndbalencar.bit
ndddu.bit
ndeaddenise.bit
ndecentralizedwebsummit.bit
ndedao.bit
ndedsec.bit
ndeenbaby.bit
ndeepestdarkestweb.bit
ndeltageek.bit
ndennydai.bit
ndev.0chan.bit
ndev.0rc.bit
ndev.pirats.bit
ndev-void.bit
ndev.whowhatwere.bit
ndictionary.bit
ndigiverse.bit
ndimlau.bit
ndingdong.bit
ndingtalk.bit
ndipbeak.bit
ndiscussionboard.bit
ndividedby0.bit
ndividedbyzero.bit
ndldx.bit
ndns.bit
ndns.up4.bit
ndocs.ysc3839.bit
ndogturd.bit
ndomains4free.bit
ndomcomp.bit
ndonaldmanson.bit
ndonaldtramp.bit
ndongbula.bit
ndongdong.bit
ndoobom.bit
ndouban.bit
ndragdad.bit
ndreamcreator108.bit
ndropzone-market.bit
nduduru.bit
ndumptrump.bit
ndvach.bit
ne2ge.bit
neanderthalsrealm.bit
neddyle.bit
neju.bit
nekox.bit
nelon-musk.bit
nemerco.bit
nemnet.bit
nemojiday.bit
nencryptionzn.bit
nencryptzn.bit
nenoch-of-nod.bit
nenss.bit
nepipen.bit
nerfan.bit
neroz.bit
nerver4ever.bit
nes.0rc.bit
nescience.bit
nespectalll.bit
nestilibera.bit
net.cjhackerz.bit
neuralnetworks.bit
neventi.bit
nevery0.bit
neveryzero.bit
newbee.bit
newcentury.bit
newgfwtalk.bit
newGFWtalk.bit
NewGFWtalk.bit
.NewGFWTalk.bit
NewGFWTalk.bit
new.hechaocheng.bit
newid.bit
newnewgfwtalk.bit
newnewGFWtalk.bit
newNewGFWTalk.bit
NewNewGFWTalk.bit
NewNewNewGFWTalk.bit
news0.bit
news.bit
NEWS.bit
newsmth.bit
newsreport.bit
NewsReport.bit
newsriver.bit
newsync.bit
newszero.bit
newtyper.bit
nexhentai.bit
nf7hy.bit
nfactoreal.bit
nfakenews.bit
nfallenkingkong.bit
nfargo0net.bit
nfasc.bit
nfcubed.bit
nfecesbook.bit
nfeiportal.bit
nfelipebueno.bit
nfenxiang.bit
nfiepi.bit
nfight4freedom.bit
nfinancewhisperer.bit
nfindstuff.bit
nfirstorder.bit
nflickerpiss.bit
nflisol.bit
nflucas.bit
nflydust.bit
nflyingfishzhang.bit
nfollowyourleader.bit
nforum.curlybear.bit
nforum.dapf.bit
nforum.ppch.bit
nfr.0rc.bit
nfrabrunelle.bit
nfree8blog.bit
nfreehot.bit
nfrerepoulet.bit
nfslmd.bit
nfsociety.bit
nfuckboi.bit
nfuckboy.bit
nfuck-icann.bit
nfuture7.bit
nfuturetalk.bit
nfxliuwenjie.bit
ng1itch.bit
ngambetto.bit
ngamblers.bit
ngeensnor.bit
ngesteban.bit
ngezhongfuli.bit
ngfwparty.bit
ngfwtalk.bit
nGFWtalk.bit
nGFWTalk.bit
nghostmail.bit
nghostnet.bit
ngit0.bit
ngitmirror.bit
ngit.mkg20001.bit
ngitzero.bit
ngluek.bit
ngooglecn.bit
ngoschech.bit
ngouguan.bit
ngreatfinger.bit
ngree.bit
nguides.musickiller.bit
nguoke.bit
nh0me.bit
nh1tler.bit
nh3c.bit
nhacg.bit
nhackertalk.bit
nhalemo.bit
nhalevi.bit
nhalulu.bit
nhaorendo.bit
nhaosou.bit
nhappyhappy.bit
nharrygg.bit
nheadpole.bit
nhellozeronet.bit
nhetn.bit
nhexkey.bit
nhexo.bit
nhexp.bit
nhiso.bit
nhitler2016.bit
nhitlerblewhisfuckingbrainsoutlolwhataloser.bit
nhitlerforpresident.bit
nhitlr.bit
nholacracy.bit
nholons.bit
nhonda.bit
nhttp2.bit
nhub.kaffie.bit
nhuman-genome.bit
nhurst-famille.bit
nhycdgx.bit
nhyly.bit
nhyundai.bit
niaco.bit
niamyou.bit
niamz.bit
nibinary.bit
nibnussabeel.bit
nicba.bit
nicememe.bit
nicole.izero.bit
nid0.bit
nidealcoder.bit
nid.emnet.bit
nid.kaffie.bit
nidzero.bit
nifbit.bit
nifox.bit
nigpt.bit
niichan.bit
nikksno.bit
nilarsen.bit
nimit.bit
nimnotgeek.bit
nimoe.bit
nimpshum.bit
nincakoin-decamillion.bit
nincakoin-induction.bit
nincakoin-info.bit
nincakoin-nka.bit
nincakoin-paperwallets.bit
nincakoin-rates.bit
nincivist.bit
ninekan.bit
ninfo.zeroverse.bit
ninlolo.bit
ninternet-of-things.bit
ninxian.bit
niooj.bit
nipwn.bit
nirc0.bit
nirczero.bit
nitalk.bit
nitisbenjamin.bit
nitskas.bit
niuc.bit
niyuntao.bit
njabowoo.bit
njakew.bit
njarfil.bit
njargonel.bit
njarod.bit
njayli.bit
njcat2016.bit
njessicanigri.bit
njesuszeusallah.bit
njetwang.bit
njike.bit
njipiao.bit
njnfptp.up4.bit
njoeyli.bit
njohnhamelink.bit
njp6.bit
njs2coffee.bit
njsilence.bit
njstv.bit
njtree.bit
njzarecta.bit
njza.tomando.bit
nkaffie.bit
nkaffiene.bit
nkahlil.bit
nkakise.bit
nkamail.bit
NKAmail.bit
nkanjidamage.bit
nkappasigma.bit
nkarsten.bit
nkateeowen.bit
nkeenm.bit
nkey.anonymouscoward.bit
nkhyzmail.bit
nkigurumi.bit
nkillwithme.bit
nkindle114.bit
nkindlyfire.bit
nkiririn.bit
nklaes.bit
nkmart.bit
nKMart.bit
nknightw.bit
nknowinfinity.bit
nkogebogen.bit
nkopykate.bit
nkoyuawsmbrtn.bit
nksmx.bit
nktchan.bit
nktty.bit
nkumek.bit
nlaboratorio.bit
nladymadame.bit
nlasvegas.bit
nlawsuit.bit
nledifice.up4.bit
nleeo.bit
nlend.bit
nleonsco.bit
nlesdelicesdupays.bit
nlibaltnet.bit
nlibdat.bit
nliberator3d.bit
nlibertarianizm.bit
nlibfreenet.bit
nlibi2p.bit
nlibnamecoin.bit
nlibreriaeuropa.bit
nlibtor.bit
nlibzeronet.bit
nlichuan.bit
nlife.curlybear.bit
nlife.unltd.bit
nlijc.bit
nlineage2.bit
nlist.z3r0.bit
nlive4.bit
nlouisliu.bit
nlovefchan.bit
nlufs.bit
nluke.5sos.bit
nlyc.bit
nlyc-lang.bit
nlyokojeremie.bit
nm0r0n.bit
nm1nistry.bit
nmagnet0.bit
nmagnets0.bit
nmagnetszero.bit
nmagnetzero.bit
nmail0.bit
nmail.basxto.bit
nmail.compumatrix.bit
nmails0.bit
nmailszero.bit
nmailzero.bit
nmail.zeronetwork.bit
nmail.zeroverse.bit
nmailzv.bit
nmain.0rc.bit
nmakedie.bit
nmancao.bit
nmaomihz.bit
nmarijuana.bit
nmaxikinghatti.bit
nmc0.bit
nmcblue.bit
nmcjiffy.bit
nmcrecovery.bit
nmcretro.bit
nmczero.bit
nmediablog.bit
nmeditationchallenge.bit
nmeirenz.bit
nme.kaffie.bit
nme.mkg20001.bit
nmesh0.bit
nmeshzero.bit
nmetoo.bit
nme.zeronetwork.bit
nMe.ZeroNetwork.bit
nmichael.5sos.bit
nmickeymouse2016.bit
nmingyue.bit
nmisesinstitutet.bit
nmishochu.bit
nm-jo.bit
nmjon.bit
nm-jones.bit
nmkg20001.bit
nml20001.bit
nmnnstory.bit
nmoenet.bit
nmoetalk.bit
nmoneynetwork.bit
nmoonair.bit
nmoonlg.bit
nmophome.bit
nmopperwhite.bit
nmorgan-j.bit
nmorganj.bit
nmorgan-jones.bit
nmorganjones.bit
nmosen.bit
nmovies.kickassfeeds.bit
nmrneilypops.bit
nmrrobot.bit
nmuerdon.bit
nmuhammad.bit
nmuon-messenger.bit
nmusickiller.bit
nmutantfest.bit
nmvgroup.bit
nmydba.bit
nmydf.bit
nmydf.gfwtalk.bit
nmylifewaiting.bit
nmylock.bit
nmypublicip.bit
nnamecoin0.bit
nnamecoinzero.bit
nnanopyramid.bit
nnapolin.bit
nnbnb.bit
nneju.bit
nnekox.bit
nnerver4ever.bit
nneuralnetworks.bit
nnewcentury.bit
nNewGFWTalk.bit
nnewid.bit
nNewNewGFWTalk.bit
nnews0.bit
nnewsreport.bit
nnewsriver.bit
nnewsync.bit
nnewszero.bit
nnewtyper.bit
nnicememe.bit
nninekan.bit
nniuc.bit
nniyuntao.bit
nnkamail.bit
nnmc0.bit
nnmczero.bit
nnobel-prize.bit
nnofish.bit
nnoisyguy.bit
nnokeh.bit
nnolotus.bit
nnondex.bit
nnoos.bit
nnouveauvloggeur.bloccoq.bit
nnulblog.bit
nnulc.bit
nnullpaste.bit
nnullpipe.bit
nnutjob.bit
nnutjobs.bit
nnzone.bit
nobel-prize.bit
nofish.bit
nofworm.bit
nohup.bit
noisyguy.bit
nojrask.bit
nokeh.bit
nolotus.bit
non-.bit
nondex.bit
nonesearch.bit
nonesie.bit
noniichan.bit
nonlylove.bit
noos.bit
nopia.bit
norpheu.bit
north.bit
norwegentesla.bit
nos-loader.bit
nottf1225.bit
nouveauvloggeur.bloccoq.bit
noverflow636.bit
novidiu.bit
np2news.bit
np2p0.bit
np2ptalk.bit
np2pzero.bit
npagan.bit
npaganism.bit
npanamapapers.bit
nparaeasy.bit
nparisiens.bit
npaupernet.bit
npayby.bit
npcvi.bit
npeaceofshit.bit
npedoblocker.bit
npeerbay.bit
npeername.bit
npenis.bloccoq.bit
npenpen.bit
npeppeshus.bit
npersonal.5sos.bit
nphysicalit.bit
npic.musickiller.bit
npiewpiew.bit
npingpong.musickiller.bit
nplanet0.bit
nplanetzero.bit
nplay0.bit
nplayat0.bit
nplayatzero.bit
nplaymovies.bit
nplayn.bit
nplayzero.bit
nplus1s.bit
npnos.bit
npnsoe.bit
npocketmod.bit
npoiuytrewq.bit
npolitics0.bit
npoliticszero.bit
npolymer100.bit
npoontangforpresident.bit
npoot.bit
npopcorntime.bit
npopcorntimece.bit
npopular.playmovies.bit
nporn2peer.bit
npornhub.bit
npotfutures.bit
nppap.bit
nppch.bit
npress0.bit
npresszero.bit
nprivacy0.bit
nprivacyzero.bit
nprivate0.bit
nprocesos.bit
nprologue.aurore2.bit
nprophetmuhammad.bit
nputain.bit
nputin2016.bit
nputinforpresident.bit
nputinforuspresident.bit
nputinprovod.bit
npydoc.bit
nq9crack.bit
nqipa.bit
nqqlindexi.bit
nqrgen.bit
nqsgy.bit
nquasi.bit
nr3df0x.bit
nragedream.bit
nrainlime.bit
nraito.bit
nralphst.bit
nrdsupport.bit
nrecent.playmovies.bit
nrecosong.bit
nreedych.bit
nreischach-rs.bit
nrekin.bit
nreply0.bit
nreplyzero.bit
nrichardhagen.bit
nricklamers.bit
nrix.bit
nrixtox.bit
nrk4n3.bit
nrootseducation.bit
nrosprosvet.bit
nruss.bit
nrutalk.bit
nruzero.bit
nrvre.bit
ns13.bit
nsadako.bit
nsailog.bit
nsavemedia.bit
nsbsb.bit
nschmarty.bit
nschutzengelwunschliste.bit
nscicomath.bit
nseancheey.bit
nsearch.kaffie.bit
nsecheusechanteuse.bit
nsecure0.bit
nsecurezero.bit
nsecurity0.bit
nsecurityzero.bit
nsecurityzeronet.bit
nsecurityzn.bit
nsetuplist.0web.bit
nsetuplist.bit
nsex.0movie.bit
nsex.0play.bit
nsex.p2ptalk.bit
nsexxx.bit
nsex.zeropaly.bit
nsex.zeroplay.bit
nshabi.bit
nshadowsky.bit
nshadowsocks.bit
nshadowsocksr.bit
nshadowtuxblog.bit
nshareby.bit
nshenrui.bit
nshetube.bit
nshitler.bit
nshitskid.bit
nshitskidinatoiletbowl.bit
nshitstains.bit
nshiza.zalex.bit
nshopug.bit
nshuoa.bit
nshutdown-t.bit
nsignaldup.bit
nskatter.bit
nskiazeronews.bit
nskidmarkz.bit
nslavasveta.bit
nsleepnowinthefire.bit
nsllgic.bit
nsmithereen.bit
nsmokingcode.bit
nsniffleblog.bit
nsnowdream.bit
nsocialid.bit
nsocialzero.bit
nsombrer.bit
nsomething.bit
nsovereign-in-plain-sight.bit
nsovetnik.bit
nsparklemotion.bit
nsplitsecret.bit
nsqbing.bit
nsriracha.bit
nssline.bit
nsstalk.bit
nssxinxi.bit
nstagit.0git.bit
nstar0.bit
nstartrekdiscovery.bit
nstarwars.bit
nstdbool.bit
nstreamit.bit
nsubdomain.chikit.bit
nsuperbox.bit
nsupersnow.bit
nsvearikeslag.bit
nsysvpn.bit
nszero.bit
ntactiic.bit
ntalk.5sos.bit
ntalk.compumatrix.bit
ntalk.coolplay.bit
ntalk.payby.bit
ntalk.shadowsocks.bit
ntalk.slavasveta.bit
ntalk.trimode.bit
ntalk.zeronetwork.bit
nTalk.ZeroNetwork.bit
ntanakh.bit
ntbcnews.bit
ntechzero.bit
ntemujen.bit
ntest1.gomzik.bit
ntest.theblocklist.bit
ntffans.bit
nthagoat.bit
ntheexhi.bit
nthefrontier.bit
nthelast.bit
ntheonepercentstrategy.bit
ntheshadowbrokers.bit
nthetkeck.bit
nthezerobay.bit
nthisgamehasnoname.bit
ntie8.bit
ntimeriver.bit
ntimvanduin.bit
ntodayilearned.bit
ntokipona.bit
ntokoyhot.bit
ntokyohot.bit
ntongzhi.bit
ntorlock.bit
ntorrent.zerolimit.bit
ntorrent.zerolimits.bit
ntralala.bit
ntrimode.bit
ntruepoker.bit
ntrump2016.bit
ntudominio.bit
ntuetamere.bloccoq.bit
ntunecedemalis.bit
ntupperware.bit
nturd2016.bit
nturd4president.bit
nturdforpresident.bit
nturds.bit
ntux.shadowtuxblog.bit
ntvepisodes.bit
ntvweekly.bit
ntypeblog.bit
ntzag.bit
nubik.bit
nubiqq.bit
nulblog.bit
nulc.bit
nullpaste.bit
nullpipe.bit
nulrichard.bit
nunityofmulti.bit
nunminify.bit
nup4.bit
nuploadthedownload.bit
nutjob.bit
nutjobs.bit
nuzero.bit
nvbest.bit
nvideocoder.bit
nvideolog.bit
nvideologue.bit
nvideomaster.bit
nvincentolivier.bit
nvip009.bit
nvista.bit
nvladimirpoontang.bit
nvladimirputain.bit
nvladz.bit
nvlog.bit
nvlogue.bit
nvoland.bit
nvolkswagen.bit
nvulonkaaz.bit
nwager.bit
nwangzhan.bit
nwar3.bit
nwarlue.bit
nwatch-dogs.bit
nweakish.0git.bit
nweakish.0my.bit
nweb.mkg20001.bit
nweed.bit
nweekends.bit
nweeklytv.bit
nweeklytv.weeklytv.bit
nweico.bit
nweiniang.bit
nwhisper0.bit
nwhispers.bit
nwhisperzero.bit
nwhiteink.bit
nwhowhatwere.bit
nwideopen.bit
nwiii.bit
nwiki0.bit
nwikicn.bit
nwiki.pedoblocker.bit
nwikizero.bit
nwitcher.bit
nworkshop.bit
nwotank.bit
nwutangforever.bit
nwuworldwide.bit
nwuxu.bit
nwww.basxto.bit
nwww.slavasveta.bit
nx.bit
nxchangering.bit
nxcnet.bit
nxdms.bit
nxgame.bit
nxiyu.bit
nxlgames.bit
nxmme.bit
nxmoe.bit
nxn--0g8h.bit
nxn--1g8h.bit
nxn--2g8h.bit
nxn--3g8h.bit
nxn--4g8h.bit
nxn--5g8h.bit
nxn--6g8h.bit
nxn--7g8h.bit
nxn--8g8h.bit
nxn--9g8h.bit
nxn--bl-ufbj5exh0t95d.bit
nxn--h9h.bit
nxn--jpq555c.bit
nxn--lc-0ka.bit
nxn--s-fka57flcd2d.bit
nxn--sg8h.bit
nxn--tqh.bit
nxn--vxas.bit
nxuan.bit
nxuefliang.bit
nxxjss.bit
nxyzos.bit
nyamamushi.bit
nyandex.bit
nyandx.bit
nyangda.bit
nyanghua.bit
nyangleitj.bit
nyanpasu.bit
nyaoyongpeng.bit
nyihongyuan.bit
nyingsuo.bit
nylsf.bit
nyohoho.bit
nyoumi.bit
nysc3839.bit
nyuandcai.bit
nyuol.bit
nz012013.bit
nz3r0.bit
nz56.bit
nzack.bit
nzakazanawiedza.bit
nzalex.bit
nZAlex.bit
nzank.bit
nzaphods.bit
nzatogra.bit
nzauzolkov.bit
nzbay.bit
nzearch.bit
nzecingcyun.bit
nzembo.bit
nzer0talk.bit
nzero24.bit
nzero365.bit
nzeroaccount.bit
nzeroactivity.bit
nzeroaddress.bit
nzeroadmin.bit
nzeroanime.bit
nzeroanonym.bit
nzeroanonymity.bit
nzeroanswer.bit
nzeroapp.bit
nzeroapps.bit
nzeroarchive.bit
nzeroaudio.bit
nzeroauth.bit
nzerobackup.bit
nzerobadge.bit
nzerobanking.bit
nzerobar.bit
nzerobase.bit
nzerobay.bit
nzerobin.bit
nz-ero.bit
nzerobits.bit
nzero.blockchainbergen.bit
nzeroblog.bit
nzeroblogger.bit
nzerobloglist.bit
nzeroblogs.bit
nzeroboard.bit
nzerobook.bit
nzerobrowser.bit
nzerobtc.bit
nzerobyte.bit
nzerobytes.bit
nzerocafe.bit
nzerocentral.bit
nzerochan.bit
nzerochannel.bit
nzerochatroom.bit
nzerochatrooms.bit
nzerochats.bit
nzerochess.bit
nzerocjdns.bit
nzerocloud.bit
nzerocms.bit
nzerocoins.bit
nzerocommunity.bit
nzeroconfig.bit
nzeroconnect.bit
nzerocontact.bit
nzerocontacts.bit
nzerocore.bit
nzerocreate.bit
nzerodark.bit
nzerodatabase.bit
nzerodata.bit
nzerodate.bit
nzerodating.bit
nzerodesktop.bit
nzerodev.bit
nzerodevs.bit
nzerodiscussion.bit
nzerodns.bit
nzerodoc.bit
nzerodocs.bit
nzerodocumentation.bit
nzerodomain.bit
nzerodonations.bit
nzerodownload.bit
nzerodu.bit
nzeroedit.bit
nzeroemail.bit
nzeroencrypt.bit
nzeroencryption.bit
nzeroengine.bit
nzeroerotic.bit
nzeroexplorer.bit
nzerofaq.bit
nzerofeature.bit
nzerofeatures.bit
nzerofile.bit
nzerofind.bit
nzeroformat.bit
nzeroforum.bit
nzerofreak.bit
nzerofree.bit
nzerofriend.bit
nzerofriends.bit
nzerofun.bit
nzerogallery.bit
nzerogambling.bit
nzerogames.bit
nzerogateway.bit
nzerogateways.bit
nzerogoogle.bit
nzerogram.bit
nzerogroup.bit
nzerogroups.bit
nzerohack.bit
nzerohacker.bit
nzerohello.bit
nzerohelp.bit
nzerohome.bit
nzerohomepage.bit
nzerohost.bit
nzerohosting.bit
nzerohowto.bit
nzerohub.bit
nzeroi2p.bit
nzeroid.bit
nZeroID.bit
nzeroidea.bit
nzeroideas.bit
nzeroidentity.bit
nzeroimage.bit
nzeroimages.bit
nzeroim.bit
nzeroinbox.bit
nzeroinfo.bit
nzeroinstall.bit
nzeroinstance.bit
nzeroinstances.bit
nzeroinstant.bit
nzeroio.bit
nzeroip.bit
nzeroips.bit
nzeroipv4.bit
nzeroipv6.bit
nzeroirc.bit
nzerojza.bit
nzerokeep.bit
nzerolab.bit
nzerolabs.bit
nzerolanguage.bit
nzerolimit.bit
nzerolimits.bit
nzerolinux.bit
nzerolist.bit
nzerolisten.bit
nzerolists.bit
nzerologin.bit
nzerolounge.bit
nzerolove.bit
nzeromagazine.bit
nzeromagnet.bit
nzeromagnets.bit
nzeromail.bit
nzeromails.bit
nzeromap.bit
nzeromaps.bit
nzeromart.bit
nZeroMart.bit
nzerome.bit
nzeromedia.bit
nzeromedium.bit
nzeromeplus.bit
nzeromesh.bit
nzeromessage.bit
nzeromessenger.bit
nzeromirror.bit
nzeromit.bit
nzeromobile.bit
nzeromoney.bit
nzeromonitor.bit
nzeromovie.bit
nzeromovies.bit
nzeromsg.bit
nzeromux.bit
nzeroname.bit
nzeronamecoin.bit
nzeronames.bit
nzero-net.bit
nzeronetsecurity.bit
nzeronetwork.bit
nzeronmc.bit
nzeronode.bit
nzeronodes.bit
nzeronote.bit
nzeronotes.bit
nzeronow.bit
nzeroopen.bit
nzeroopensource.bit
nzeroos.bit
nzerop2p.bit
nzeropad.bit
nzeropaly.bit
nzeropanda.bit
nzeropastebin.bit
nzeropaste.bit
nzeropedia.bit
nzeropeer.bit
nzeropeers.bit
nzerophone.bit
nzeroplanet.bit
nzeroplay.bit
nzeroplugin.bit
nzeroplugins.bit
nzeropod.bit
nzeropods.bit
nzeropoker.bit
nzeropolitics.bit
nzeropolls.bit
nzeropress.bit
nzeroprivacy.bit
nzeroprofil.bit
nzeroprofile.bit
nzeroproject.bit
nzeroprotocol.bit
nzeroproxies.bit
nzeroproxy.bit
nzeropublish.bit
nzeroradio.bit
nzerorc.bit
nzeroread.bit
nzeroreddit.bit
nzerorelease.bit
nzeroreleases.bit
nzeroreply.bit
nzero.richardhagen.bit
nzerorss.bit
nzerosandbox.bit
nzerosearch.bit
nZerosearch.bit
nzerosecret.bit
nzerosecrets.bit
nzerosecure.bit
nzerosecurity.bit
nzeroserver.bit
nzeroservice.bit
nzerosex.bit
nzeroshare.bit
nzerosite.bit
nzeroslack.bit
nzerosnap.bit
nzerosocial.bit
nzerosoftware.bit
nzerospace.bit
nzerostandard.bit
nzerostart.bit
nzerostatistics.bit
nzerostats.bit
nzerostatus.bit
nzerosteam.bit
nzerostorage.bit
nzerosupport.bit
nzerosync.bit
nzerotalk.bit
nzerotalkenespanol.bit
nzerotask.bit
nzerotech.bit
nzerotest.bit
nzerotier.bit
nzerotime.bit
nzerotools.bit
nzerotorrent.bit
nZeroTorrent.bit
nzerotorrents.bit
nzerotraffic.bit
nzerotranslation.bit
nzerotroll.bit
nzerotutorial.bit
nzeroupdate.bit
nzeroupload.bit
nzeroverse.bit
nzeroversion.bit
nzeroversions.bit
nzerovid.bit
nzerovideo.bit
nzeroview.bit
nzerovoting.bit
nzerovpn.bit
nzerowallet.bit
nzerowatch.bit
nzeroweb.bit
nzerowhisper.bit
nzerowiki.bit
nzerowikis.bit
nzeroworld.bit
nzerowrite.bit
nzeroye.bit
nzerozone.bit
nzeze0556.bit
nzhenbang.bit
nzhihu.bit
nzhls.bit
nzimiao.bit
nzionhost.bit
nzirror.bit
nzmw.bit
nznencrypt.bit
nznencryption.bit
nznsecurity.bit
nzone.bit
nzpool.bit
nzpot.bit
nzrow.bit
nzsyf.bit
nzupport.bit
nzuval.bit
nzvmail.bit
nzybbs.bit
nzzzhang.bit
ofworm.bit
ojrask.bit
oList.bit
omen.bit
onecoder.bit
onesearch.bit
onesie.bit
oniichan.bit
oniichan.fuckgfw.bit
onlylove.bit
onsen.bit
oo0.bit
openspace.bit
opia.bit
orig.kenookamihoro.bit
orpheu.bit
orth.bit
os-loader.bit
OtherZeromail.bit
ottf1225.bit
outman.bit
overflow636.bit
ovidiu.bit
p2news.bit
p2p0.bit
p2psecure.bit
p2ptalk.bit
P2Ptalk.bit
P2Ptalk.bit.no.comp2ptalk.bit.no.comzeromeplus.bit.no.comnofish.bit
p2pzero.bit
pachuqukankan.bit
pagan.bit
paganism.bit
page.com.bit
panamapapers.bit
PanamaPapers.bit
pang.bit
panlei.bit
panlovexiang.bit
paraeasy.bit
parisiens.bit
Parisiens.bit
paupernet.bit
payby.bit
pcvi.bit
peaceofshit.bit
pedoblocker.bit
peeper.bit
peerbay.bit
peername.bit
peertube.bit
peigang.bit
penis.bloccoq.bit
penpen.bit
pepedust.bit
pepemarket.bit
pepewebsite.bit
peppeshus.bit
personal.5sos.bit
peterjin.bit
pettanko-torrents.bit
pgp.fuckgfw.bit
phuslu.bit
physicalit.bit
pic.mkru.bit
pic.musickiller.bit
pic.musickillerrus.bit
picrandom.bit
pics.musickiller.bit
piewpiew.bit
pingpong.mkru.bit
pingpong.musickiller.bit
pingpong.musickillerrus.bit
pinochio.bit
pirateradio.bit
PirateRadio.bit
pitcairnnews.bit
pizza.bit
planet0.bit
planetzero.bit
plasmmer.bit
platoer.bit
play0.bit
playat0.bit
playatzero.bit
play.miao.bit
playmovies.bit
playn.bit
play.shilei.bit
playzero.bit
plus1s.bit
plus1s.fuckgfw.bit
pnos.bit
pnsoe.bit
pocketmod.bit
PocketMod.bit
poiuytrewq.bit
poke.universav.bit
politics0.bit
politicszero.bit
polymer100.bit
poontangforpresident.bit
poot.bit
popcorntime.bit
popcorntimece.bit
poppycorny.bit
popular.playmovies.bit
porn2peer.bit
Porn2Peer.bit
PornHD.bit
pornhub.bit
portal.compumatrix.bit
portan.bit
potfutures.bit
PotFutures.bit
powerolive.bit
ppap.bit
ppch.bit
prenet.bit
PresidentDomaldTrump.bit
presidentdonaldtrump.bit
PresidentDonaldTrump.bit
presidenttrump.bit
PresidentTrump.bit
press0.bit
presszero.bit
price.bit
privacy0.bit
privacytools.bit
privacyzero.bit
private0.bit
procesos.bit
Procesos.bit
project-maelstrom.bit
prologue.aurore2.bit
prophetmuhammad.bit
ProphetMuhammad.bit
prostitutki.bit
provider.bit
puning.bit
purson.bit
push.bit
putain.bit
putin2016.bit
putinforpresident.bit
putinforuspresident.bit
putinprovod.bit
PutinProvod.bit
puxin.bit
pydoc.bit
q9crack.bit
qianchen.bit
qiangqiang.bit
qidian.bit
qingguo.bit
qipa.bit
qqlindexi.bit
qrgen.bit
qsgy.bit
quasi.bit
r3df0x.bit
r3dfox.bit
racisttalk.bit
RacistTalk.bit
ragedream.bit
rainlime.bit
raito.bit
ralphst.bit
raspberry-pi.bit
rdsupport.bit
rebellionsdynasty.bit
recent.playmovies.bit
recosong.bit
reedych.bit
reg.fuckgfw.bit
registering-a-.bit
register.usvformat.bit
reischach-rs.bit
reke.bit
rekin.bit
releasehq.bit
releaselist.bit
reply0.bit
replyzero.bit
Retrogames.bit
RetroGames.bit
retrosharer.bit
revo.bit
richarddecal.bit
richardhagen.bit
ricklamers.bit
rix.bit
rixtox.bit
rjf.bit
rk4n3.bit
rootseducation.bit
rosprosvet.bit
router.bit
ruogu.bit
russ.bit
rutalk.bit
ruzero.bit
rvre.bit
s13.bit
s1.bit
sadako.bit
SaDaKo.bit
sailog.bit
sami.bit
samizdat.bit
sands.bit
sanloude.bit
sato.bit
satoshinakamoto.bit
SatoshiNakamoto.bit
savemedia.bit
Savemedia.bit
sbrfs.bit
sbsb.bit
SBSB.bit
sb.suika.bit
schmarty.bit
schutzengelwunschliste.bit
scicomath.bit
science-fiction.bit
Science-Fiction.bit
scp.bit
screens.bit
seancheey.bit
Seancheey.bit
search.bit
Search.bit
search.kaffie.bit
secheusechanteuse.bit
secure0.bit
securezero.bit
security0.bit
securityzero.bit
securityzeronet.bit
securityzn.bit
seeding.izero.bit
seeding.iZero.bit
see.otherworld.bit
self.bit
serebii.bit
Serebii.bit
sethrich.bit
setuplist.0web.bit
setuplist.bit
sex.0movie.bit
sex.0play.bit
sex8.bit
sex.btsynchina.bit
sex.p2ptalk.bit
sexxx.bit
Sexxx.bit
sex.zeropaly.bit
sex.zeroplay.bit
shabi.bit
shadowman.bit
shadowsky.bit
shadowsocks.bit
shadowsocksr.bit
shadowsocksR.bit
ShadowsocksR.bit
shadowtuxblog.bit
share.amorgan.bit
shareby.bit
shenghua.miao.bit
shenrui.bit
shetube.bit
SheTube.bit
shilei.bit
shitler.bit
shitnuggets.bit
shitskid.bit
shitskidinatoiletbowl.bit
shitstains.bit
shiza.zalex.bit
Shiza.ZAlex.bit
shope.bit
shopug.bit
shot.bit
shuoa.bit
shutdown-t.bit
shutdownt.bit
shutdown-z.bit
shyb.bit
signaldup.bit
simpleanarchy.bit
site.bit
sitename.bit
Sites.porn.bit
sites.zeronetwork.bit
Sites.Zeronetwork.bit
Sites.ZeroNetwork.bit
site.wangdou.bit
skatter.bit
Skatter.bit
skeletor.bit
skiazeronews.bit
skidmarkz.bit
slavasveta.bit
sleepnowinthefire.bit
Sleepnowinthefire.bit
sllgic.bit
smartgrids.bit
smartisan.bit
smithereen.bit
sm.izero.bit
sm.iZero.bit
smokingcode.bit
smth.bit
snifferdog.bit
sniffleblog.bit
snowdream.bit
social.amorgan.bit
social.bit
socialid.bit
socialzero.bit
solr.bit
sombrer.bit
something.bit
Somthing.bit
sonatagreen.bit
sorasumi.bit
southernhedgehogs.bit
southernhedghogs1.bit
sovereign-in-plain-sight.bit
sovetnik.bit
spacewhale.bit
SpaceWhale.bit
sparklemotion.bit
splitsecret.bit
sports.bit
sporttery.bit
sqbing.bit
sriracha.bit
Sriracha.bit
sscloud.bit
ssl.bit
ssline.bit
ssoft.bit
sstalk.bit
ssxinxi.bit
stage1st.bit
stagit.0git.bit
startdash.bit
startrekdiscovery.bit
starwars.bit
StarWars.bit
stdbool.bit
stephencolbert.bit
store.blocklet.bit
store.dcrs.bit
store.emulator.bit
store.internetboat.bit
s.tossp.bit
streamit.bit
subdomain.10011001.bit
subdomain2.10011001.bit
subdomain2.anonews.bit
subdomain2.baker-gamer.bit
subdomain2.blackhatmarketing.bit
subdomain2.blackmarketing.bit
subdomain2.blockchainedmedia.bit
subdomain2.blockchainm3dia.bit
subdomain2.cannabisindica.bit
subdomain2.cannabissativa.bit
subdomain2.ddox.bit
subdomain2.dedos.bit
subdomain2.dedox.bit
subdomain2.dotmy.bit
subdomain2.dropsite.bit
subdomain2.dropsitefoodnetwork.bit
subdomain2.dropsites.bit
subdomain2.futureshock.bit
subdomain2.kuchmak.bit
subdomain2.mmostudio.bit
subdomain2.nathanknox.bit
subdomain2.releasehq.bit
subdomain2.releaselist.bit
subdomain2.takingcare.bit
subdomain2.takingcareofbusiness.bit
subdomain2.willson.bit
subdomain.anonews.bit
subdomain.baker-gamer.bit
subdomain.blackhatmarketing.bit
subdomain.blackmarketing.bit
subdomain.blockchainedmedia.bit
subdomain.blockchainm3dia.bit
subdomain.cannabisindica.bit
subdomain.cannabissativa.bit
subdomain.chikit.bit
subdomain.ddox.bit
subdomain.dedos.bit
subdomain.dedox.bit
subdomain.dotmy.bit
subdomain.dropsite.bit
subdomain.dropsitefoodnetwork.bit
subdomain.dropsites.bit
subdomain.futureshock.bit
subdomain.kuchmak.bit
subdomain.mmostudio.bit
subdomain.nathanknox.bit
subdomain.releasehq.bit
subdomain.releaselist.bit
subdomain.takingcare.bit
subdomain.takingcareofbusiness.bit
subdomain.willson.bit
suika.bit
suke.bit
sukenote.bit
supahfly.bit
superbox.bit
Superbox.bit
supersnow.bit
surf.bit
svearikeslag.bit
swagmail.bit
sylrain.bit
syncapp.bit
systemspace.bit
Systemspace.bit
sysvpn.bit
szero.bit
t3c.bit
tactiic.bit
takingcare.bit
takingcareofbusiness.bit
talk.5sos.bit
talk.bodhi.bit
talk.chomping-at-the.bit
talk.compumatrix.bit
talk.coolplay.bit
talk.fuckgfw.bit
talk.greenjesus.bit
talk.komodo.bit
talk.mengxiang.bit
talk.miao.bit
talk.payby.bit
talk.shadowsocks.bit
talk.shilei.bit
talk.slavasveta.bit
talk.trimode.bit
talk.zeronetwork.bit
Talk.Zeronetwork.bit
Talk.ZeroNetwork.bit
talk.zirch.bit
talk.zule.bit
Talk.Zule.bit
tanakh.bit
Tanakh.bit
TAOBAO.bit
tbag.bit
tbcnews.bit
t.bit
tBlog.ZeroNetwork.bit
tcmtest.bit
tech0blog.bit
techid.bit
technoob.bit
techzero.bit
TechZero.bit
tehnoklistir.bit
temujen.bit
tepn.bit
teslapunk.bit
Teslapunk.bit
test1.gomzik.bit
test.bit
testifdsfsdng.bit
test.izeronet.bit
test.leafok.bit
testnet.explorer.bit
test.qidian.bit
test.theblocklist.bit
test.zerobbs.bit
tetsai.bit
tffans.bit
tgyz.bit
tgzy.bit
thagoat.bit
theamrycloud.bit
theexhi.bit
theExhi.bit
TheExhi.bit
thefirst.bit
thefrontier.bit
theholybible.bit
theinitium.bit
thelast.bit
theonepercentstrategy.bit
thepiratelibrary.bit
ThePirateLibrary.bit
theshadowbrokers.bit
TheShadowbrokers.bit
TheShadowBrokers.bit
thetkeck.bit
thezerobay.bit
this.bit
thisgamehasnoname.bit
though.....bit
thunderbolt.bit
thunderwave.bit
tie8.bit
timeriver.bit
timvanduin.bit
tkzc.china.bit
todayilearned.bit
tokipona.bit
tokoyhot.bit
tokyohot.bit
tongzhi.bit
tonyhead.bit
torexample.bit
torlock.bit
torq.bit
Torrent.bit
torrents.yayponies.bit
torrent.zerolimit.bit
torrent.zerolimits.bit
tossp.bit
tox.amorgan.bit
tracker.bit
tralala.bit
trimode.bit
trout.bit
truepoker.bit
trump2016.bit
trustedzeronetid.bit
tshannon.bit
tube.plasmmer.bit
tube.usvformat.bit
tudominio.bit
tuetamere.bloccoq.bit
tunecedemalis.bit
tupperware.bit
Tupperware.bit
turd2016.bit
turd4president.bit
turdforpresident.bit
turds.bit
tux.shadowtuxblog.bit
tv.btsynchina.bit
tvepisodes.bit
TVepisodes.bit
tv.p2ptalk.bit
tvweekly.bit
twilite.bit
twinkletoes.bit
typeblog.bit
tzag.bit
tzion.bit
u4e2a.bit
u4e48zeroid.bit
u518c.bit
u5728zeroname.bit
u5f000hub.bit
u5f00shetube.bit
u5f00shetubie.bit
u7684.bit
u770b0chan.bit
ubik.bit
ubiqq.bit
ubuildzero.bit
ucud.bit
uff1a0play.bit
uff1abloob.bit
uff1acoolapk.bit
uff1ayihongyuan.bit
ulrichard.bit
uniteam.bit
unityofmulti.bit
universav.bit
unminify.bit
up4.bit
uploadthedownload.bit
username.zeroid.bit
usvformat.bit
uzero.bit
v2bv.bit
v2ex.bit
vbest.bit
v.bit
vdmnet.bit
videocoder.bit
videolog.bit
videologue.bit
videomaster.bit
video.wangdou.bit
vincentolivier.bit
vip009.bit
virtualsim.bit
virtualsim.virtualsim.bit
vista.bit
vladimirpoontang.bit
vladimirputain.bit
vladz.bit
vlog.bit
vlogue.bit
voland.bit
volkswagen.bit
Volkswagen.bit
vqa.bit
vulonkaaz.bit
wager.bit
Wager.bit
wangdou.bit
wanghao.bit
wangkun.bit
wangzhan.bit
war3.bit
warez.bit
warlue.bit
watch-dogs.bit
wavebitcoin.bit
wavebtc.bit
weakish.0git.bit
weakish.0my.bit
web.mkg20001.bit
weed.bit
weekends.bit
Weekends.bit
weeklytv.bit
weeklytv.weeklytv.bit
weico.bit
weiniang.bit
whatever.bit
whatswrongwiththat.bit
whatthehex.bit
whisper0.bit
whispers.bit
Whispers.bit
whisperzero.bit
whiteink.bit
whonix.bit
whowhatwere.bit
wideopen.bit
wiii.bit
wiki0.bit
wikicn.bit
wiki.pedoblocker.bit
wikizero.bit
willson.bit
windixz.bit
wisdom.bit
witcher.bit
wokk.bit
wonote.bit
workshop.bit
Workshop.bit
wotank.bit
wrong.bit
wswjzgglh.bit
wudi.bit
wudizz.bit
wutangforever.bit
wuworldwide.bit
wuxu.bit
www.basxto.bit
www.bit
www.example.bit
www.hexnet.bit
www.izero.bit
www.slavasveta.bit
www.sscloud.bit
www.zerov.bit
wxyedward.bit
xanatos.bit
x.bit
xchangering.bit
xcnet.bit
xconvert.bit
xdms.bit
xgame.bit
XGame.bit
xianing.bit
xiaochuan.bit
xiaolai.bit
xiaowei.bit
XiaoWei.bit
xinshui.bit
xiqiao.bit
xiyu.bit
xlgames.bit
xmail.bit
xmme.bit
xmoe.bit
xn--0g8h.bit
xn--1g8h.bit
xn--2g8h.bit
xn--3g8h.bit
xn--4g8h.bit
xn--51h.bit
xn--5g8h.bit
xn--6g8h.bit
xn--7g8h.bit
xn--8g8h.bit
xn--9g8h.bit
xn--bl-ufbj5exh0t95d.bit
xn--h9h.bit
xn--jpq555c.bit
xn--lc-0ka.bit
xn--s-fka57flcd2d.bit
xn--sg8h4p.bit
xn--sg8h.bit
xn--tqh.bit
xn--vxas.bit
xsser.bit
xuan.bit
xuefliang.bit
xxjss.bit
xxx.bit
xxxx.bit
XXXX.bit
xxxxx.bit
xxxxxx.bit
xxxxxxx.bit
xxxxxxxx.bit
xyzos.bit
yamamushi.bit
yandex.bit
yandx.bit
yangda.bit
yanghua.bit
yangleitj.bit
yaoyongpeng.bit
yayponies.bit
y.bit
yihongyuan.bit
yihudu.bit
yingsuo.bit
ylsf.bit
ynp.bit
yohoho.bit
youmedia.bit
youmi.bit
yourAdress.bit
yourbitdomainname.bit
yourblog.bit
yourdomain.bit
YourDomainName.bit
yourname.bit
yourname.iZero.bit
yourname.leafok.bit
ysc3839.bit
yuandcai.bit
yuol.bit
yzyz.bit
z012013.bit
z3r0.bit
Z3R0.bit
z56.bit
zack.bit
zakazanawiedza.bit
zalex.bit
Zalex.bit
ZAlex.bit
zank.bit
zaphods.bit
Zaphods.bit
zatogra.bit
Zatogra.bit
zauzolkov.bit
zbay.bit
z.bit
zearch.bit
zecingcyun.bit
zedoid.bit
zeee.bit
zembo.bit
Zembo.bit
zer0talk.bit
zereverse.bit
zero24.bit
Zero24.bit
zero365.bit
Zero365.bit
zeroa.bit
zeroaccount.bit
zeroactivity.bit
zeroaddress.bit
zeroadmin.bit
ZeroAdmin.bit
zeroalpha.bit
zeroanime.bit
zeroanonym.bit
zeroanonymity.bit
zeroanswer.bit
zeroapp.bit
zeroapps.bit
zeroarchive.bit
zeroaudio.bit
zeroauth.bit
zerobackup.bit
zerobadge.bit
zerobanking.bit
zerobar.bit
zerobase.bit
zerobay.bit
ZeroBay.bit
zerob.bit
zerobbs.bit
zerobin.bit
z-ero.bit
zero.bit
zerobits.bit
zero.blockchainbergen.bit
zeroblog.bit
ZeroBlog.bit
zeroblogger.bit
zerobloglist.bit
zeroblogs.bit
zeroBlogs.bit
zeroBLOGS.bit
ZeroBlogs.bit
zeroboard.bit
ZeroBoard.bit
zerobook.bit
zerobrowser.bit
zerobtc.bit
zerobyte.bit
zerobytes.bit
zerocafe.bit
zeroc.bit
zerocdn.bit
zerocentral.bit
zerochan.bit
zerochannel.bit
zerochat.bit
zerochatroom.bit
zerochatrooms.bit
ZeroChatrooms.bit
ZeroChatRooms.bit
zerochats.bit
zerochess.bit
zerocjdns.bit
zerocloud.bit
zerocms.bit
zerocoins.bit
zerocommunity.bit
zeroconfig.bit
zeroconnect.bit
zerocontact.bit
zerocontacts.bit
zerocore.bit
zerocreate.bit
zerodark.bit
zerodatabase.bit
zerodata.bit
zerodate.bit
zerodating.bit
zerod.bit
zerodesktop.bit
zerodev.bit
zerodevs.bit
zerodiscussion.bit
zerodns.bit
zerodoc.bit
zerodocs.bit
zerodocumentation.bit
zerodomain.bit
zerodonations.bit
zerodownload.bit
zerodrive.bit
zerodu.bit
zeroedit.bit
zeroemail.bit
zeroencrypt.bit
zeroencryption.bit
zeroEncryption.bit
zeroengine.bit
zeroerotic.bit
zeroexplorer.bit
zerofaq.bit
zerofeature.bit
zerofeatures.bit
zerofile.bit
zerofind.bit
zeroFind.bit
zeroFIND.bit
ZeroFind.bit
zeroformat.bit
zeroforum.bit
zerofreak.bit
zerofree.bit
zerofriend.bit
zerofriends.bit
zerofun.bit
zerogallery.bit
zerogambling.bit
ZeroGambling.bit
zerogames.bit
zerogateway.bit
zerogateways.bit
zerogoogle.bit
zerogram.bit
zerogroup.bit
zerogroups.bit
zerohack.bit
zerohacker.bit
zerohello.bit
zerohelp.bit
zerohome.bit
ZeroHome.bit
zerohomepage.bit
zerohost.bit
zerohosting.bit
zerohowto.bit
zerohub.bit
zeroi2p.bit
zeroid.bit
Zeroid.bit
ZeroId.bit
ZeroID.bit
zeroiddd.bit
zeroidea.bit
zeroideas.bit
zeroidentity.bit
zeroimage.bit
zeroimages.bit
zeroim.bit
zeroinbox.bit
zeroinfo.bit
zeroinstall.bit
zeroinstance.bit
zeroinstances.bit
zeroinstant.bit
zeroio.bit
zeroip.bit
zeroips.bit
zeroipv4.bit
zeroipv6.bit
zeroirc.bit
zeroit.bit
zerojza.bit
zerokeep.bit
ZeroKeep.bit
zerokoala.bit
zerolab.bit
zerolabs.bit
zerolanguage.bit
zeroleakz.bit
zerolimit.bit
zerolimits.bit
ZeroLimits.bit
zerolinux.bit
ZeroLinux.bit
zerolist.bit
zerolisten.bit
zerolists.bit
zerologin.bit
zerolounge.bit
zerolove.bit
zeromagazine.bit
zeromagnet.bit
zeromagnets.bit
zeromail.bit
ZeroMail.bit
zeromails.bit
zeromanga.bit
zeromap.bit
zeromaps.bit
zeromart.bit
ZeroMart.bit
zerome.bit
zeromedia.bit
zeroMedia.bit
Zeromedia.bit
ZeroMedia.bit
zeromedium.bit
zeromeplus.bit
zeroMePlus.bit
ZeroMePlus.bit
zerome-reloaded.bit
zeromesh.bit
zeromessage.bit
zeromessenger.bit
zeromirror.bit
zeromit.bit
ZeroMIT.bit
zeromobile.bit
zeromoney.bit
zeromonitor.bit
zeromovie.bit
zeromovies.bit
zeromsg.bit
zeromusic.bit
zeromux.bit
ZeroMux.bit
zeromux.fuckgfw.bit
zeroname.bit
zeronamecoin.bit
ZeroNamecoin.bit
zeronames.bit
zerone.bit
zeronerds.bit
zero-net.bit
zeronet.bit
ZeroNet.bit
zeronetchina.bit
zeronet.huebner.bit
zeronet-js.bit
zeronetjs.bit
zeronet.marlon.bit
zeronetsecurity.bit
zeronetshortlink.bit
ZeroNetVersions.bit
.zeronetwork.bit
zeronetwork.bit
ZeroNetwork.bit
ZeroNetWork.bit
zeronews.bit
zeronmc.bit
zeronode.bit
zeronodes.bit
zeronote.bit
zeronotes.bit
ZeroNotes.bit
zeronow.bit
zerooid.bit
zeroone.bit
zeroopen.bit
zeroopensource.bit
zeroos.bit
zerop2p.bit
zeropad.bit
zeropaly.bit
zeropanda.bit
zeropastebin.bit
zeropaste.bit
zeropedia.bit
zeropeer.bit
zeropeers.bit
zerophone.bit
zeroplanet.bit
zeroplay.bit
zeroPLAY.bit
ZeroPLAY.bit
zeroplugin.bit
zeroplugins.bit
zeropod.bit
zeropods.bit
zeropoker.bit
zeropolitics.bit
zeropolls.bit
ZeroPolls.bit
zeropolska.bit
zeropress.bit
zeroPRESS.bit
ZeroPress.bit
zeroprivacy.bit
zeroprofil.bit
zeroprofile.bit
zeroproject.bit
zeroprotocol.bit
zeroproxies.bit
zeroPROXIES.bit
Zeroproxies.bit
ZeroProxies.bit
zeroproxy.bit
zeropub.bit
zeropublish.bit
zeroradio.bit
zerorc.bit
zeroread.bit
zeroreddit.bit
zerorelease.bit
zeroreleases.bit
zeroreply.bit
zero.richardhagen.bit
zerorss.bit
zerosandbox.bit
zerosearch.bit
Zerosearch.bit
ZeroSearch.bit
zerosecret.bit
zerosecrets.bit
zerosecure.bit
zerosecurity.bit
zeroSecurity.bit
zeroSECURITY.bit
Zerosecurity.bit
ZeroSecurity.bit
zeroserver.bit
zeroservice.bit
zerosex.bit
zeroshare.bit
zerosite.bit
zerosites.bit
ZeroSites.bit
zeroslack.bit
zerosnap.bit
zerosocial.bit
ZeroSocial.bit
zerosoft.bit
zerosoftware.bit
zerospace.bit
zerostandard.bit
zerostart.bit
zerostatistics.bit
zerostats.bit
zerostatus.bit
zerosteam.bit
zerostorage.bit
ZeroStream.bit
zerosupport.bit
zeroSupport.bit
zeroSUPPORT.bit
ZeroSupport.bit
zerosync.bit
zerotalk.bit
ZeroTalk.bit
zerotalkenespanol.bit
zerotask.bit
zerotech.bit
zerotest.bit
zerotier.bit
zerotime.bit
zerotools.bit
ZeroTorrent02.bit
ZeroTorrent03.bit
zerotorrent-0torrent.bit
ZeroTorrent104.bit
ZeroTorrent30.bit
ZeroTorrent94.bit
zerotorrent.bit
Zerotorrent.bit
--ZeroTorrent.bit
ZeroTorrent.bit
zerotorrents.bit
Zerotorrents.bit
ZeroTorrents.bit
zerotraffic.bit
zerotranslation.bit
zerotroll.bit
zerotutorial.bit
zeroupdate.bit
ZeroUpdate.bit
zeroupload.bit
ZeroUpload.bit
zeroverse.bit
Zeroverse.bit
ZeroVerse.bit
zeroversion.bit
zeroversions.bit
ZeroVersions.bit
zerovid.bit
ZeroVid.bit
zerovideo.bit
ZeroVideo.bit
zeroview.bit
zerovoting.bit
zerovpn.bit
zerowallet.bit
ZeroWallet.bit
zerowatch.bit
zeroweb.bit
zerowhisper.bit
zerowiki.bit
zeroWiki.bit
ZeroWiki.bit
zerowikis.bit
zeroworld.bit
zerowrite.bit
zerox.bit
zeroye.bit
zerozone.bit
zerro.bit
zeze0556.bit
zhangjinqiang.bit
zhangkun.bit
zh-cn.bit
zhenbang.bit
zhihu.bit
zhls.bit
zhongzi.bit
zh.privacytools.bit
zimiao.bit
zionhost.bit
zirch.bit
ziroid.bit
zirror.bit
z-js.bit
zmail.bit
zmw.bit
znencrypt.bit
znencryption.bit
znsecurity.bit
zoom.bit
zpool.bit
zpot.bit
zrow.bit
zsyf.bit
zule.bit
zupport.bit
zuval.bit
Zuval.bit
zvmail.bit
zybbs.bit
ZyBBS.bit
zzzhang.bit
